### 25.03.2022 08:18:22
Array
(
)



### 25.03.2022 08:18:37
Array
(
    [title] => Бухи
    [message] => Файл загружен
    [files] => Array
        (
            [0] => 1.html
            [1] => 2.html
        )

)



### 24.05.2024 16:59:15
Array
(
    [title] => Бухи
    [message] => Файл загружен
    [files] => Array
        (
            [0] => 1.html
            [1] => 2.html
        )

)



### 24.05.2024 16:59:36
Array
(
    [title] => Бухи
    [message] => Файл загружен
    [files] => Array
        (
            [0] => 1.html
            [1] => 2.html
        )

)



### 24.05.2024 17:00:17
Array
(
    [title] => Бухи
    [message] => Файл загружен
    [files] => Array
        (
            [0] => 1.html
            [1] => 2.html
        )

)



### 24.05.2024 17:27:46
Array
(
    [title] => Бухи
    [message] => Файл загружен
    [files] => Array
        (
            [0] => 1.html
            [1] => 2.html
        )

)



### 24.05.2024 17:27:46
Array
(
    [title] => Бухи
    [message] => Файл загружен
    [files] => Array
        (
            [0] => 1.html
            [1] => 2.html
        )

)



### 08.06.2025 06:43:17
Array
(
    [title] => Бухи
    [message] => Файл загружен
    [files] => Array
        (
            [0] => 1.html
            [1] => 2.html
        )

)



### 08.06.2025 06:44:46
Array
(
    [title] => Бухи
    [message] => Файл загружен
    [files] => Array
        (
            [0] => 1.html
            [1] => 2.html
        )

)



### 08.06.2025 06:45:14
Array
(
    [title] => Бухи
    [message] => Файл загружен
    [files] => Array
        (
            [0] => 1.html
            [1] => 2.html
        )

)



### 08.06.2025 06:47:35
Array
(
    [title] => Бухи
    [message] => Файл загружен
    [files] => Array
        (
            [0] => 1.html
            [1] => 2.html
        )

)



### 08.06.2025 06:47:40
Array
(
    [title] => Бухи
    [message] => Файл загружен
    [files] => Array
        (
            [0] => 1.html
            [1] => 2.html
        )

)



### 08.06.2025 08:20:57
Array
(
    [title] => Бухи
    [message] => Файл загружен
    [files] => Array
        (
            [0] => 1.html
            [1] => 2.html
        )

)



### 08.06.2025 08:20:59
Array
(
    [title] => Бухи
    [message] => Файл загружен
    [files] => Array
        (
            [0] => 1.html
            [1] => 2.html
        )

)



### 08.06.2025 16:13:26
Array
(
    [title] => Бухи
    [message] => Файл загружен
    [files] => Array
        (
            [0] => 1.html
            [1] => 2.html
        )

)



### 08.06.2025 16:32:05
Array
(
    [title] => Бухи
    [message] => Файл загружен
    [files] => Array
        (
            [0] => 1.html
            [1] => 2.html
        )

)



### 08.06.2025 16:34:42
Array
(
    [title] => Бухи
    [message] => Файл загружен
    [files] => Array
        (
            [0] => 1.html
            [1] => 2.html
        )

)